fatal: A branch named 'master' already exists.
